﻿
Running 2 tests using 2 workers

  Ô£ÿ  1 [chromium] ÔÇ║ tests\trips.spec.ts:9:7 ÔÇ║ Personal Travel App - Core User Flows ÔÇ║ User can create a new trip and view its details (231ms)
  Ô£ÿ  2 [chromium] ÔÇ║ tests\trips.spec.ts:33:7 ÔÇ║ Personal Travel App - Core User Flows ÔÇ║ User can add expenses to a trip (233ms)


  1) [chromium] ÔÇ║ tests\trips.spec.ts:9:7 ÔÇ║ Personal Travel App - Core User Flows ÔÇ║ User can create a new trip and view its details 

    Error: page.goto: Protocol error (Page.navigate): Cannot navigate to invalid URL
    Call log:
    [2m  - navigating to "/", waiting until "load"[22m


      4 |   test.beforeEach(async ({ page }) => {
      5 |     // Navigate to the dashboard
    > 6 |     await page.goto("/");
        |                ^
      7 |   });
      8 |
      9 |   test("User can create a new trip and view its details", async ({ page }) => {
        at C:\Users\zheny\Downloads\Dev\personal-travel\tests\trips.spec.ts:6:16

  2) [chromium] ÔÇ║ tests\trips.spec.ts:33:7 ÔÇ║ Personal Travel App - Core User Flows ÔÇ║ User can add expenses to a trip 

    Error: page.goto: Protocol error (Page.navigate): Cannot navigate to invalid URL
    Call log:
    [2m  - navigating to "/", waiting until "load"[22m


      4 |   test.beforeEach(async ({ page }) => {
      5 |     // Navigate to the dashboard
    > 6 |     await page.goto("/");
        |                ^
      7 |   });
      8 |
      9 |   test("User can create a new trip and view its details", async ({ page }) => {
        at C:\Users\zheny\Downloads\Dev\personal-travel\tests\trips.spec.ts:6:16

  2 failed
    [chromium] ÔÇ║ tests\trips.spec.ts:9:7 ÔÇ║ Personal Travel App - Core User Flows ÔÇ║ User can create a new trip and view its details 
    [chromium] ÔÇ║ tests\trips.spec.ts:33:7 ÔÇ║ Personal Travel App - Core User Flows ÔÇ║ User can add expenses to a trip 
